
 RUN  v4.1.4 /Users/thoufeeque/projects/social-studio-app

stdout | src/__tests__/unit/platforms/tiktok.test.ts > TikTok Platform Integration > correctly initializes and uploads a video to TikTok
Starting TikTok video upload for User ID: user1

stdout | src/__tests__/unit/platforms/tiktok.test.ts > TikTok Platform Integration > throws error if TikTok init fails
Starting TikTok video upload for User ID: u1

 × src/__tests__/unit/platforms/tiktok.test.ts > TikTok Platform Integration > correctly initializes and uploads a video to TikTok 3ms
   → fs.stat is not a function
 × src/__tests__/unit/platforms/tiktok.test.ts > TikTok Platform Integration > throws error if TikTok init fails 2ms
   → expected [Function] to throw error including 'TikTok Publish Failed: Rate limit' but got 'fs.stat is not a function'
 × src/__tests__/worker/history-actions.test.ts > History Actions (Internal) > successfully updates a platform result when user owns the history entry 5ms
   → expected "vi.fn()" to be called with arguments: [ ObjectContaining{…} ]

Received:

  1st vi.fn() call:

@@ -1,13 +1,22 @@
  [
-   ObjectContaining {
-     "update": ObjectContaining {
+   {
+     "create": {
+       "platform": "youtube",
+       "platformPostId": "yt-123",
+       "postHistoryId": "history-1",
+       "status": "success",
+     },
+     "update": {
+       "platform": "youtube",
        "platformPostId": "yt-123",
+       "postHistoryId": "history-1",
        "status": "success",
      },
      "where": {
-       "postHistoryId_platform": {
+       "postHistoryId_platform_accountId": {
+         "accountId": "",
          "platform": "youtube",
          "postHistoryId": "history-1",
        },
      },
    },


Number of calls: 1

 ✓ src/__tests__/worker/history-actions.test.ts > History Actions (Internal) > throws an error if history entry is not found or user does not own it 1ms
stdout | src/__tests__/worker/server-distributor.test.ts > Server Distributor > correctly distributes a Short/Reel to YouTube and Facebook
[INFO] 👷 [SERVER-DISTRIBUTOR] Starting distribution for post history-1
[INFO] 🚀 [SERVER-DISTRIBUTOR] Processing platform: youtube for History ID: history-1
[INFO] 🚀 [SERVER-DISTRIBUTOR] Processing platform: facebook for History ID: history-1
[INFO] 🚀 [SERVER-DISTRIBUTOR] Existing result status for youtube: none
[INFO] 🚀 [SERVER-DISTRIBUTOR] Publishing to youtube (YT Channel) 
[INFO] 🚀 [SERVER-DISTRIBUTOR] Updating status to uploading for youtube
[INFO] 🚀 [SERVER-DISTRIBUTOR] Existing result status for facebook: none
[INFO] 🚀 [SERVER-DISTRIBUTOR] Publishing to facebook (FB Page) 
[INFO] 🚀 [SERVER-DISTRIBUTOR] Updating status to uploading for facebook
[INFO] 🚀 [SERVER-DISTRIBUTOR] Starting optimization check for youtube
[INFO] 🚀 [SERVER-DISTRIBUTOR] Starting optimization check for facebook

stdout | src/__tests__/worker/worker-lifecycle.test.ts > Worker Lifecycle & Polling > correctly restarts the worker and clears old interval on reload
[INFO] 👷 [WORKER] Scheduled Publishing Worker Started...

stderr | src/__tests__/worker/worker-lifecycle.test.ts > Worker Lifecycle & Polling > correctly restarts the worker and clears old interval on reload
❌ Failed to write to app.log: TypeError: __vite_ssr_import_0__.default.appendFileSync is not a function
    at Object.info (/Users/thoufeeque/projects/social-studio-app/src/lib/core/logger.ts:22:10)
    at Module.startPublishingWorker (/Users/thoufeeque/projects/social-studio-app/src/lib/worker/worker.ts:71:10)
    at /Users/thoufeeque/projects/social-studio-app/src/__tests__/worker/worker-lifecycle.test.ts:56:11
    at file:///Users/thoufeeque/projects/social-studio-app/node_modules/@vitest/runner/dist/chunk-artifact.js:302:11
    at file:///Users/thoufeeque/projects/social-studio-app/node_modules/@vitest/runner/dist/chunk-artifact.js:1903:26
    at file:///Users/thoufeeque/projects/social-studio-app/node_modules/@vitest/runner/dist/chunk-artifact.js:2326:20
    at new Promise (<anonymous>)
    at runWithCancel (file:///Users/thoufeeque/projects/social-studio-app/node_modules/@vitest/runner/dist/chunk-artifact.js:2323:10)
    at file:///Users/thoufeeque/projects/social-studio-app/node_modules/@vitest/runner/dist/chunk-artifact.js:2305:20
    at new Promise (<anonymous>)
❌ [ERROR] 🧹 [WORKER] Asset purge failed: TypeError: Cannot read properties of undefined (reading 'findMany')
    at purgeExpiredAssets (/Users/thoufeeque/projects/social-studio-app/src/lib/worker/worker.ts:14:47)
    at Module.startPublishingWorker (/Users/thoufeeque/projects/social-studio-app/src/lib/worker/worker.ts:189:3)
    at /Users/thoufeeque/projects/social-studio-app/src/__tests__/worker/worker-lifecycle.test.ts:56:11
    at file:///Users/thoufeeque/projects/social-studio-app/node_modules/@vitest/runner/dist/chunk-artifact.js:302:11
    at file:///Users/thoufeeque/projects/social-studio-app/node_modules/@vitest/runner/dist/chunk-artifact.js:1903:26
    at file:///Users/thoufeeque/projects/social-studio-app/node_modules/@vitest/runner/dist/chunk-artifact.js:2326:20
    at new Promise (<anonymous>)
    at runWithCancel (file:///Users/thoufeeque/projects/social-studio-app/node_modules/@vitest/runner/dist/chunk-artifact.js:2323:10)
    at file:///Users/thoufeeque/projects/social-studio-app/node_modules/@vitest/runner/dist/chunk-artifact.js:2305:20
    at new Promise (<anonymous>)
❌ Failed to write to app.log: TypeError: __vite_ssr_import_0__.default.appendFileSync is not a function
    at Object.error (/Users/thoufeeque/projects/social-studio-app/src/lib/core/logger.ts:38:10)
    at purgeExpiredAssets (/Users/thoufeeque/projects/social-studio-app/src/lib/worker/worker.ts:47:12)
    at Module.startPublishingWorker (/Users/thoufeeque/projects/social-studio-app/src/lib/worker/worker.ts:189:3)
    at /Users/thoufeeque/projects/social-studio-app/src/__tests__/worker/worker-lifecycle.test.ts:56:11
    at file:///Users/thoufeeque/projects/social-studio-app/node_modules/@vitest/runner/dist/chunk-artifact.js:302:11
    at file:///Users/thoufeeque/projects/social-studio-app/node_modules/@vitest/runner/dist/chunk-artifact.js:1903:26
    at file:///Users/thoufeeque/projects/social-studio-app/node_modules/@vitest/runner/dist/chunk-artifact.js:2326:20
    at new Promise (<anonymous>)
    at runWithCancel (file:///Users/thoufeeque/projects/social-studio-app/node_modules/@vitest/runner/dist/chunk-artifact.js:2323:10)
    at file:///Users/thoufeeque/projects/social-studio-app/node_modules/@vitest/runner/dist/chunk-artifact.js:2305:20

stdout | src/__tests__/worker/worker-lifecycle.test.ts > Worker Lifecycle & Polling > correctly restarts the worker and clears old interval on reload
[INFO] ♻️ [WORKER] Restarting worker with new logic...
[INFO] 👷 [WORKER] Scheduled Publishing Worker Started...

stderr | src/__tests__/worker/worker-lifecycle.test.ts > Worker Lifecycle & Polling > correctly restarts the worker and clears old interval on reload
❌ Failed to write to app.log: TypeError: __vite_ssr_import_0__.default.appendFileSync is not a function
    at Object.info (/Users/thoufeeque/projects/social-studio-app/src/lib/core/logger.ts:22:10)
    at Module.startPublishingWorker (/Users/thoufeeque/projects/social-studio-app/src/lib/worker/worker.ts:59:12)
    at /Users/thoufeeque/projects/social-studio-app/src/__tests__/worker/worker-lifecycle.test.ts:62:11
    at processTicksAndRejections (node:internal/process/task_queues:104:5)
❌ Failed to write to app.log: TypeError: __vite_ssr_import_0__.default.appendFileSync is not a function
    at Object.info (/Users/thoufeeque/projects/social-studio-app/src/lib/core/logger.ts:22:10)
    at Module.startPublishingWorker (/Users/thoufeeque/projects/social-studio-app/src/lib/worker/worker.ts:71:10)
    at /Users/thoufeeque/projects/social-studio-app/src/__tests__/worker/worker-lifecycle.test.ts:62:11
    at processTicksAndRejections (node:internal/process/task_queues:104:5)
❌ [ERROR] 🧹 [WORKER] Asset purge failed: TypeError: Cannot read properties of undefined (reading 'findMany')
    at purgeExpiredAssets (/Users/thoufeeque/projects/social-studio-app/src/lib/worker/worker.ts:14:47)
    at Module.startPublishingWorker (/Users/thoufeeque/projects/social-studio-app/src/lib/worker/worker.ts:189:3)
    at /Users/thoufeeque/projects/social-studio-app/src/__tests__/worker/worker-lifecycle.test.ts:62:11
    at processTicksAndRejections (node:internal/process/task_queues:104:5)
❌ Failed to write to app.log: TypeError: __vite_ssr_import_0__.default.appendFileSync is not a function
    at Object.error (/Users/thoufeeque/projects/social-studio-app/src/lib/core/logger.ts:38:10)
    at purgeExpiredAssets (/Users/thoufeeque/projects/social-studio-app/src/lib/worker/worker.ts:47:12)
    at Module.startPublishingWorker (/Users/thoufeeque/projects/social-studio-app/src/lib/worker/worker.ts:189:3)
    at /Users/thoufeeque/projects/social-studio-app/src/__tests__/worker/worker-lifecycle.test.ts:62:11
    at processTicksAndRejections (node:internal/process/task_queues:104:5)

stdout | src/__tests__/worker/worker-lifecycle.test.ts > Worker Lifecycle & Polling > polls overdue posts and executes distribution
[INFO] 👷 [WORKER] Scheduled Publishing Worker Started...

stderr | src/__tests__/worker/worker-lifecycle.test.ts > Worker Lifecycle & Polling > polls overdue posts and executes distribution
❌ Failed to write to app.log: TypeError: __vite_ssr_import_0__.default.appendFileSync is not a function
    at Object.info (/Users/thoufeeque/projects/social-studio-app/src/lib/core/logger.ts:22:10)
    at Module.startPublishingWorker (/Users/thoufeeque/projects/social-studio-app/src/lib/worker/worker.ts:71:10)
    at /Users/thoufeeque/projects/social-studio-app/src/__tests__/worker/worker-lifecycle.test.ts:84:11
    at file:///Users/thoufeeque/projects/social-studio-app/node_modules/@vitest/runner/dist/chunk-artifact.js:302:11
    at file:///Users/thoufeeque/projects/social-studio-app/node_modules/@vitest/runner/dist/chunk-artifact.js:1903:26
    at file:///Users/thoufeeque/projects/social-studio-app/node_modules/@vitest/runner/dist/chunk-artifact.js:2326:20
    at new Promise (<anonymous>)
    at runWithCancel (file:///Users/thoufeeque/projects/social-studio-app/node_modules/@vitest/runner/dist/chunk-artifact.js:2323:10)
    at file:///Users/thoufeeque/projects/social-studio-app/node_modules/@vitest/runner/dist/chunk-artifact.js:2305:20
    at new Promise (<anonymous>)
❌ [ERROR] 🧹 [WORKER] Asset purge failed: TypeError: Cannot read properties of undefined (reading 'findMany')
    at purgeExpiredAssets (/Users/thoufeeque/projects/social-studio-app/src/lib/worker/worker.ts:14:47)
    at Module.startPublishingWorker (/Users/thoufeeque/projects/social-studio-app/src/lib/worker/worker.ts:189:3)
    at /Users/thoufeeque/projects/social-studio-app/src/__tests__/worker/worker-lifecycle.test.ts:84:11
    at file:///Users/thoufeeque/projects/social-studio-app/node_modules/@vitest/runner/dist/chunk-artifact.js:302:11
    at file:///Users/thoufeeque/projects/social-studio-app/node_modules/@vitest/runner/dist/chunk-artifact.js:1903:26
    at file:///Users/thoufeeque/projects/social-studio-app/node_modules/@vitest/runner/dist/chunk-artifact.js:2326:20
    at new Promise (<anonymous>)
    at runWithCancel (file:///Users/thoufeeque/projects/social-studio-app/node_modules/@vitest/runner/dist/chunk-artifact.js:2323:10)
    at file:///Users/thoufeeque/projects/social-studio-app/node_modules/@vitest/runner/dist/chunk-artifact.js:2305:20
    at new Promise (<anonymous>)
❌ Failed to write to app.log: TypeError: __vite_ssr_import_0__.default.appendFileSync is not a function
    at Object.error (/Users/thoufeeque/projects/social-studio-app/src/lib/core/logger.ts:38:10)
    at purgeExpiredAssets (/Users/thoufeeque/projects/social-studio-app/src/lib/worker/worker.ts:47:12)
    at Module.startPublishingWorker (/Users/thoufeeque/projects/social-studio-app/src/lib/worker/worker.ts:189:3)
    at /Users/thoufeeque/projects/social-studio-app/src/__tests__/worker/worker-lifecycle.test.ts:84:11
    at file:///Users/thoufeeque/projects/social-studio-app/node_modules/@vitest/runner/dist/chunk-artifact.js:302:11
    at file:///Users/thoufeeque/projects/social-studio-app/node_modules/@vitest/runner/dist/chunk-artifact.js:1903:26
    at file:///Users/thoufeeque/projects/social-studio-app/node_modules/@vitest/runner/dist/chunk-artifact.js:2326:20
    at new Promise (<anonymous>)
    at runWithCancel (file:///Users/thoufeeque/projects/social-studio-app/node_modules/@vitest/runner/dist/chunk-artifact.js:2323:10)
    at file:///Users/thoufeeque/projects/social-studio-app/node_modules/@vitest/runner/dist/chunk-artifact.js:2305:20

stdout | src/__tests__/worker/worker-lifecycle.test.ts > Worker Lifecycle & Polling > polls overdue posts and executes distribution
[INFO] 💓 [WORKER-HEARTBEAT] [PULSE-CHECK-V1] Checking at 2026-05-04T21:28:01.696Z...

stderr | src/__tests__/worker/worker-lifecycle.test.ts > Worker Lifecycle & Polling > polls overdue posts and executes distribution
❌ Failed to write to app.log: TypeError: __vite_ssr_import_0__.default.appendFileSync is not a function
    at Object.info (/Users/thoufeeque/projects/social-studio-app/src/lib/core/logger.ts:22:10)
    at /Users/thoufeeque/projects/social-studio-app/src/lib/worker/worker.ts:82:14
    at callTimer (file:///Users/thoufeeque/projects/social-studio-app/node_modules/vitest/dist/chunks/test.D1JkM1w4.js:1773:25)
    at doTickInner (file:///Users/thoufeeque/projects/social-studio-app/node_modules/vitest/dist/chunks/test.D1JkM1w4.js:2444:30)
    at doTick (file:///Users/thoufeeque/projects/social-studio-app/node_modules/vitest/dist/chunks/test.D1JkM1w4.js:2525:21)
    at Immediate._onImmediate (file:///Users/thoufeeque/projects/social-studio-app/node_modules/vitest/dist/chunks/test.D1JkM1w4.js:2546:34)
    at processImmediate (node:internal/timers:504:21)
❌ [ERROR] 👷 [WORKER] Polling failed: TypeError: __vite_ssr_import_0__.prisma.postHistory.count is not a function undefined
❌ Failed to write to app.log: TypeError: __vite_ssr_import_0__.default.appendFileSync is not a function
    at Object.error (/Users/thoufeeque/projects/social-studio-app/src/lib/core/logger.ts:38:10)
    at /Users/thoufeeque/projects/social-studio-app/src/lib/worker/worker.ts:174:14
    at callTimer (file:///Users/thoufeeque/projects/social-studio-app/node_modules/vitest/dist/chunks/test.D1JkM1w4.js:1773:25)
    at doTickInner (file:///Users/thoufeeque/projects/social-studio-app/node_modules/vitest/dist/chunks/test.D1JkM1w4.js:2444:30)
    at doTick (file:///Users/thoufeeque/projects/social-studio-app/node_modules/vitest/dist/chunks/test.D1JkM1w4.js:2525:21)
    at Immediate._onImmediate (file:///Users/thoufeeque/projects/social-studio-app/node_modules/vitest/dist/chunks/test.D1JkM1w4.js:2546:34)
    at processImmediate (node:internal/timers:504:21)

stdout | src/__tests__/worker/worker-lifecycle.test.ts > Worker Lifecycle & Polling > stops execution if a newer worker version is detected
[INFO] 👷 [WORKER] Scheduled Publishing Worker Started...

stderr | src/__tests__/worker/worker-lifecycle.test.ts > Worker Lifecycle & Polling > stops execution if a newer worker version is detected
❌ Failed to write to app.log: TypeError: __vite_ssr_import_0__.default.appendFileSync is not a function
    at Object.info (/Users/thoufeeque/projects/social-studio-app/src/lib/core/logger.ts:22:10)
    at Module.startPublishingWorker (/Users/thoufeeque/projects/social-studio-app/src/lib/worker/worker.ts:71:10)
    at /Users/thoufeeque/projects/social-studio-app/src/__tests__/worker/worker-lifecycle.test.ts:111:11
    at file:///Users/thoufeeque/projects/social-studio-app/node_modules/@vitest/runner/dist/chunk-artifact.js:302:11
    at file:///Users/thoufeeque/projects/social-studio-app/node_modules/@vitest/runner/dist/chunk-artifact.js:1903:26
    at file:///Users/thoufeeque/projects/social-studio-app/node_modules/@vitest/runner/dist/chunk-artifact.js:2326:20
    at new Promise (<anonymous>)
    at runWithCancel (file:///Users/thoufeeque/projects/social-studio-app/node_modules/@vitest/runner/dist/chunk-artifact.js:2323:10)
    at file:///Users/thoufeeque/projects/social-studio-app/node_modules/@vitest/runner/dist/chunk-artifact.js:2305:20
    at new Promise (<anonymous>)
❌ [ERROR] 🧹 [WORKER] Asset purge failed: TypeError: Cannot read properties of undefined (reading 'findMany')
    at purgeExpiredAssets (/Users/thoufeeque/projects/social-studio-app/src/lib/worker/worker.ts:14:47)
    at Module.startPublishingWorker (/Users/thoufeeque/projects/social-studio-app/src/lib/worker/worker.ts:189:3)
    at /Users/thoufeeque/projects/social-studio-app/src/__tests__/worker/worker-lifecycle.test.ts:111:11
    at file:///Users/thoufeeque/projects/social-studio-app/node_modules/@vitest/runner/dist/chunk-artifact.js:302:11
    at file:///Users/thoufeeque/projects/social-studio-app/node_modules/@vitest/runner/dist/chunk-artifact.js:1903:26
    at file:///Users/thoufeeque/projects/social-studio-app/node_modules/@vitest/runner/dist/chunk-artifact.js:2326:20
    at new Promise (<anonymous>)
    at runWithCancel (file:///Users/thoufeeque/projects/social-studio-app/node_modules/@vitest/runner/dist/chunk-artifact.js:2323:10)
    at file:///Users/thoufeeque/projects/social-studio-app/node_modules/@vitest/runner/dist/chunk-artifact.js:2305:20
    at new Promise (<anonymous>)
❌ Failed to write to app.log: TypeError: __vite_ssr_import_0__.default.appendFileSync is not a function
    at Object.error (/Users/thoufeeque/projects/social-studio-app/src/lib/core/logger.ts:38:10)
    at purgeExpiredAssets (/Users/thoufeeque/projects/social-studio-app/src/lib/worker/worker.ts:47:12)
    at Module.startPublishingWorker (/Users/thoufeeque/projects/social-studio-app/src/lib/worker/worker.ts:189:3)
    at /Users/thoufeeque/projects/social-studio-app/src/__tests__/worker/worker-lifecycle.test.ts:111:11
    at file:///Users/thoufeeque/projects/social-studio-app/node_modules/@vitest/runner/dist/chunk-artifact.js:302:11
    at file:///Users/thoufeeque/projects/social-studio-app/node_modules/@vitest/runner/dist/chunk-artifact.js:1903:26
    at file:///Users/thoufeeque/projects/social-studio-app/node_modules/@vitest/runner/dist/chunk-artifact.js:2326:20
    at new Promise (<anonymous>)
    at runWithCancel (file:///Users/thoufeeque/projects/social-studio-app/node_modules/@vitest/runner/dist/chunk-artifact.js:2323:10)
    at file:///Users/thoufeeque/projects/social-studio-app/node_modules/@vitest/runner/dist/chunk-artifact.js:2305:20

 ✓ src/__tests__/worker/worker-lifecycle.test.ts > Worker Lifecycle & Polling > correctly restarts the worker and clears old interval on reload 7ms
 × src/__tests__/worker/worker-lifecycle.test.ts > Worker Lifecycle & Polling > polls overdue posts and executes distribution 3ms
   → expected "vi.fn()" to be called with arguments: [ ObjectContaining{…} ]

Number of calls: 0

 ✓ src/__tests__/worker/worker-lifecycle.test.ts > Worker Lifecycle & Polling > stops execution if a newer worker version is detected 2ms
stderr | src/__tests__/worker/server-distributor.test.ts > Server Distributor > correctly distributes a Short/Reel to YouTube and Facebook
⚠️ [WARN] ⚠️ [SERVER-DISTRIBUTOR] Optimization failed for youtube, using original.

stdout | src/__tests__/worker/server-distributor.test.ts > Server Distributor > correctly distributes a Short/Reel to YouTube and Facebook
[INFO] 🚀 [SERVER-DISTRIBUTOR] Calling distributeSinglePlatform for youtube

stdout | src/__tests__/worker/server-distributor.test.ts > Server Distributor > correctly distributes a Short/Reel to YouTube and Facebook
[INFO] 🚀 [SERVER-DISTRIBUTOR] Calling distributeSinglePlatform for facebook

stderr | src/__tests__/worker/server-distributor.test.ts > Server Distributor > correctly distributes a Short/Reel to YouTube and Facebook
⚠️ [WARN] ⚠️ [SERVER-DISTRIBUTOR] Optimization failed for facebook, using original.

stderr | src/__tests__/integration/long-form-upload.test.tsx > Facebook Long-form vs Reel Branching > calls publishFacebookReel when videoFormat is "short"
⚠️ [facebook] Optimization failed, falling back to original: Error: ffprobe exited with code 1
ffprobe version 8.1 Copyright (c) 2007-2026 the FFmpeg developers
  built with Apple clang version 21.0.0 (clang-2100.0.123.102)
  configuration: --prefix=/opt/homebrew/Cellar/ffmpeg/8.1_1 --enable-shared --enable-pthreads --enable-version3 --cc=clang --host-cflags= --host-ldflags= --enable-ffplay --enable-gpl --enable-libsvtav1 --enable-libopus --enable-libx264 --enable-libmp3lame --enable-libdav1d --enable-libvmaf --enable-libvpx --enable-libx265 --enable-openssl --enable-videotoolbox --enable-audiotoolbox --enable-neon
  libavutil      60. 26.100 / 60. 26.100
  libavcodec     62. 28.100 / 62. 28.100
  libavformat    62. 12.100 / 62. 12.100
  libavdevice    62.  3.100 / 62.  3.100
  libavfilter    11. 14.100 / 11. 14.100
  libswscale      9.  5.100 /  9.  5.100
  libswresample   6.  3.100 /  6.  3.100
/Users/thoufeeque/projects/social-studio-app/src/tmp/test.mp4: No such file or directory

    at ChildProcess.<anonymous> (/Users/thoufeeque/projects/social-studio-app/node_modules/fluent-ffmpeg/lib/ffprobe.js:233:22)
    at ChildProcess.emit (node:events:509:20)
    at Process.ChildProcess._handle.onexit (node:internal/child_process:294:12)

stdout | src/__tests__/integration/long-form-upload.test.tsx > Facebook Long-form vs Reel Branching > calls publishFacebookReel when videoFormat is "short"
🔐 [SECURITY] Account ownership verified for facebook: acc1 (Unknown Account)
📝 [facebook] Using Manual content.

stdout | src/__tests__/worker/server-distributor.test.ts > Server Distributor > distributes regular Video (not short) to Facebook Video API
[INFO] 👷 [SERVER-DISTRIBUTOR] Starting distribution for post history-1
[INFO] 🚀 [SERVER-DISTRIBUTOR] Processing platform: youtube for History ID: history-1
[INFO] 🚀 [SERVER-DISTRIBUTOR] Processing platform: facebook for History ID: history-1
[INFO] 🚀 [SERVER-DISTRIBUTOR] Existing result status for youtube: none
[INFO] 🚀 [SERVER-DISTRIBUTOR] Publishing to youtube (YT Channel) 
[INFO] 🚀 [SERVER-DISTRIBUTOR] Updating status to uploading for youtube
[INFO] 🚀 [SERVER-DISTRIBUTOR] Existing result status for facebook: none
[INFO] 🚀 [SERVER-DISTRIBUTOR] Publishing to facebook (FB Page) 
[INFO] 🚀 [SERVER-DISTRIBUTOR] Updating status to uploading for facebook
[INFO] 🚀 [SERVER-DISTRIBUTOR] Starting optimization check for youtube
[INFO] 🚀 [SERVER-DISTRIBUTOR] Starting optimization check for facebook

 ✓ src/__tests__/integration/login-flow.test.tsx > LoginPage > renders the login page with all social options 22ms
 ✓ src/__tests__/integration/login-flow.test.tsx > LoginPage > triggers Google sign-in immediately without showing the warning modal 6ms
 ✓ src/__tests__/integration/login-flow.test.tsx > LoginPage > intercepts TikTok login and shows the warning modal 6ms
 ✓ src/__tests__/integration/login-flow.test.tsx > LoginPage > allows user to bypass the warning and continue with TikTok 6ms
 ✓ src/__tests__/integration/login-flow.test.tsx > LoginPage > allows user to go back to Google from the warning modal 7ms
 ✓ src/__tests__/integration/login-flow.test.tsx > LoginPage > closes the modal when clicking the close button 5ms
stderr | src/__tests__/integration/long-form-upload.test.tsx > Facebook Long-form vs Reel Branching > calls publishFacebookVideo when videoFormat is "long"
⚠️ [facebook] Optimization failed, falling back to original: Error: ffprobe exited with code 1
ffprobe version 8.1 Copyright (c) 2007-2026 the FFmpeg developers
  built with Apple clang version 21.0.0 (clang-2100.0.123.102)
  configuration: --prefix=/opt/homebrew/Cellar/ffmpeg/8.1_1 --enable-shared --enable-pthreads --enable-version3 --cc=clang --host-cflags= --host-ldflags= --enable-ffplay --enable-gpl --enable-libsvtav1 --enable-libopus --enable-libx264 --enable-libmp3lame --enable-libdav1d --enable-libvmaf --enable-libvpx --enable-libx265 --enable-openssl --enable-videotoolbox --enable-audiotoolbox --enable-neon
  libavutil      60. 26.100 / 60. 26.100
  libavcodec     62. 28.100 / 62. 28.100
  libavformat    62. 12.100 / 62. 12.100
  libavdevice    62.  3.100 / 62.  3.100
  libavfilter    11. 14.100 / 11. 14.100
  libswscale      9.  5.100 /  9.  5.100
  libswresample   6.  3.100 /  6.  3.100
/Users/thoufeeque/projects/social-studio-app/src/tmp/test.mp4: No such file or directory

    at ChildProcess.<anonymous> (/Users/thoufeeque/projects/social-studio-app/node_modules/fluent-ffmpeg/lib/ffprobe.js:233:22)
    at ChildProcess.emit (node:events:509:20)
    at Process.ChildProcess._handle.onexit (node:internal/child_process:294:12)

stdout | src/__tests__/integration/long-form-upload.test.tsx > Facebook Long-form vs Reel Branching > calls publishFacebookVideo when videoFormat is "long"
🔐 [SECURITY] Account ownership verified for facebook: acc1 (Unknown Account)
📝 [facebook] Using Manual content.

stderr | src/__tests__/components/media-library.test.tsx > MediaLibrary Component > renders the gallery title and search bar
Received `true` for a non-boolean attribute `jsx`.

If you want to write it to the DOM, pass a string instead: jsx="true" or jsx={value.toString()}.

stderr | src/__tests__/components/media-library.test.tsx > MediaLibrary Component > renders the gallery title and search bar
An update to MediaLibrary inside a test was not wrapped in act(...).

When testing, code that causes React state updates should be wrapped into act(...):

act(() => {
  /* fire events that update state */
});
/* assert on the output */

This ensures that you're testing the behavior the user would see in the browser. Learn more at https://react.dev/link/wrap-tests-with-act
An update to MediaLibrary inside a test was not wrapped in act(...).

When testing, code that causes React state updates should be wrapped into act(...):

act(() => {
  /* fire events that update state */
});
/* assert on the output */

This ensures that you're testing the behavior the user would see in the browser. Learn more at https://react.dev/link/wrap-tests-with-act

stderr | src/__tests__/worker/server-distributor.test.ts > Server Distributor > distributes regular Video (not short) to Facebook Video API
⚠️ [WARN] ⚠️ [SERVER-DISTRIBUTOR] Optimization failed for youtube, using original.

stdout | src/__tests__/worker/server-distributor.test.ts > Server Distributor > distributes regular Video (not short) to Facebook Video API
[INFO] 🚀 [SERVER-DISTRIBUTOR] Calling distributeSinglePlatform for youtube

stdout | src/__tests__/worker/server-distributor.test.ts > Server Distributor > distributes regular Video (not short) to Facebook Video API
[INFO] 🚀 [SERVER-DISTRIBUTOR] Calling distributeSinglePlatform for facebook

stderr | src/__tests__/worker/server-distributor.test.ts > Server Distributor > distributes regular Video (not short) to Facebook Video API
⚠️ [WARN] ⚠️ [SERVER-DISTRIBUTOR] Optimization failed for facebook, using original.

stdout | src/__tests__/worker/server-distributor.test.ts > Server Distributor > records failures in the database without throwing
[INFO] 👷 [SERVER-DISTRIBUTOR] Starting distribution for post history-1
[INFO] 🚀 [SERVER-DISTRIBUTOR] Processing platform: youtube for History ID: history-1
[INFO] 🚀 [SERVER-DISTRIBUTOR] Processing platform: facebook for History ID: history-1
[INFO] 🚀 [SERVER-DISTRIBUTOR] Existing result status for youtube: none
[INFO] 🚀 [SERVER-DISTRIBUTOR] Publishing to youtube (YT Channel) 
[INFO] 🚀 [SERVER-DISTRIBUTOR] Updating status to uploading for youtube
[INFO] 🚀 [SERVER-DISTRIBUTOR] Existing result status for facebook: none
[INFO] 🚀 [SERVER-DISTRIBUTOR] Publishing to facebook (FB Page) 
[INFO] 🚀 [SERVER-DISTRIBUTOR] Updating status to uploading for facebook
[INFO] 🚀 [SERVER-DISTRIBUTOR] Starting optimization check for youtube
[INFO] 🚀 [SERVER-DISTRIBUTOR] Starting optimization check for facebook

stderr | src/__tests__/worker/server-distributor.test.ts > Server Distributor > records failures in the database without throwing
⚠️ [WARN] ⚠️ [SERVER-DISTRIBUTOR] Optimization failed for youtube, using original.

stdout | src/__tests__/worker/server-distributor.test.ts > Server Distributor > records failures in the database without throwing
[INFO] 🚀 [SERVER-DISTRIBUTOR] Calling distributeSinglePlatform for youtube

stderr | src/__tests__/worker/server-distributor.test.ts > Server Distributor > records failures in the database without throwing
❌ [ERROR] ❌ [SERVER-DISTRIBUTOR] Failed to publish to youtube: YT API Down undefined

stdout | src/__tests__/worker/server-distributor.test.ts > Server Distributor > records failures in the database without throwing
[INFO] 🚀 [SERVER-DISTRIBUTOR] Calling distributeSinglePlatform for facebook

stderr | src/__tests__/worker/server-distributor.test.ts > Server Distributor > records failures in the database without throwing
⚠️ [WARN] ⚠️ [SERVER-DISTRIBUTOR] Optimization failed for facebook, using original.

stderr | src/__tests__/integration/long-form-upload.test.tsx > Facebook Long-form vs Reel Branching > defaults to publishFacebookReel when videoFormat is missing
⚠️ [facebook] Optimization failed, falling back to original: Error: ffprobe exited with code 1
ffprobe version 8.1 Copyright (c) 2007-2026 the FFmpeg developers
  built with Apple clang version 21.0.0 (clang-2100.0.123.102)
  configuration: --prefix=/opt/homebrew/Cellar/ffmpeg/8.1_1 --enable-shared --enable-pthreads --enable-version3 --cc=clang --host-cflags= --host-ldflags= --enable-ffplay --enable-gpl --enable-libsvtav1 --enable-libopus --enable-libx264 --enable-libmp3lame --enable-libdav1d --enable-libvmaf --enable-libvpx --enable-libx265 --enable-openssl --enable-videotoolbox --enable-audiotoolbox --enable-neon
  libavutil      60. 26.100 / 60. 26.100
  libavcodec     62. 28.100 / 62. 28.100
  libavformat    62. 12.100 / 62. 12.100
  libavdevice    62.  3.100 / 62.  3.100
  libavfilter    11. 14.100 / 11. 14.100
  libswscale      9.  5.100 /  9.  5.100
  libswresample   6.  3.100 /  6.  3.100
/Users/thoufeeque/projects/social-studio-app/src/tmp/test.mp4: No such file or directory

    at ChildProcess.<anonymous> (/Users/thoufeeque/projects/social-studio-app/node_modules/fluent-ffmpeg/lib/ffprobe.js:233:22)
    at ChildProcess.emit (node:events:509:20)
    at Process.ChildProcess._handle.onexit (node:internal/child_process:294:12)

stdout | src/__tests__/integration/long-form-upload.test.tsx > Facebook Long-form vs Reel Branching > defaults to publishFacebookReel when videoFormat is missing
🔐 [SECURITY] Account ownership verified for facebook: acc1 (Unknown Account)
📝 [facebook] Using Manual content.

stdout | src/__tests__/worker/server-distributor.test.ts > Server Distributor > resumes from an existing resumableUrl if found in DB
[INFO] 👷 [SERVER-DISTRIBUTOR] Starting distribution for post history-1
[INFO] 🚀 [SERVER-DISTRIBUTOR] Processing platform: youtube for History ID: history-1

stdout | src/__tests__/worker/server-distributor.test.ts > Server Distributor > resumes from an existing resumableUrl if found in DB
[INFO] 🚀 [SERVER-DISTRIBUTOR] Existing result status for youtube: none
[INFO] 🚀 [SERVER-DISTRIBUTOR] Publishing to youtube (YT) [RESUMING]
[INFO] 🚀 [SERVER-DISTRIBUTOR] Updating status to uploading for youtube

stdout | src/__tests__/worker/server-distributor.test.ts > Server Distributor > resumes from an existing resumableUrl if found in DB
[INFO] 🚀 [SERVER-DISTRIBUTOR] Starting optimization check for youtube

 ✓ src/__tests__/integration/long-form-upload.test.tsx > Facebook Long-form vs Reel Branching > calls publishFacebookReel when videoFormat is "short" 26ms
 ✓ src/__tests__/integration/long-form-upload.test.tsx > Facebook Long-form vs Reel Branching > calls publishFacebookVideo when videoFormat is "long" 19ms
 ✓ src/__tests__/integration/long-form-upload.test.tsx > Facebook Long-form vs Reel Branching > defaults to publishFacebookReel when videoFormat is missing 29ms
 × src/__tests__/integration/platform-selection-ui.test.tsx > PlatformSelection UI > renders progress pulse when status is uploading 80ms
   → expected '<button type="button" aria-pressed="t…' to contain 'width: 40%'
Not implemented: HTMLMediaElement's pause() method
stderr | src/__tests__/worker/server-distributor.test.ts > Server Distributor > resumes from an existing resumableUrl if found in DB
⚠️ [WARN] ⚠️ [SERVER-DISTRIBUTOR] Optimization failed for youtube, using original.

stdout | src/__tests__/worker/server-distributor.test.ts > Server Distributor > resumes from an existing resumableUrl if found in DB
[INFO] 🚀 [SERVER-DISTRIBUTOR] Calling distributeSinglePlatform for youtube

 × src/__tests__/integration/platform-selection-ui.test.tsx > PlatformSelection UI > renders success checkmark when status is success 26ms
   → expected null to be truthy
 × src/__tests__/integration/platform-selection-ui.test.tsx > PlatformSelection UI > renders error icon when status is failed 9ms
   → expected null to be truthy
 × src/__tests__/worker/server-distributor.test.ts > Server Distributor > correctly distributes a Short/Reel to YouTube and Facebook 29ms
   → expected "vi.fn()" to be called 2 times, but got 4 times
 ✓ src/__tests__/worker/server-distributor.test.ts > Server Distributor > distributes regular Video (not short) to Facebook Video API 24ms
 × src/__tests__/worker/server-distributor.test.ts > Server Distributor > records failures in the database without throwing 22ms
   → expected "vi.fn()" to be called with arguments: [ ObjectContaining{…} ]

Received:

  1st vi.fn() call:

@@ -1,14 +1,20 @@
  [
-   ObjectContaining {
-     "create": ObjectContaining {
-       "errorMessage": "YT API Down",
+   {
+     "create": {
+       "accountId": "acc-yt",
+       "accountName": "YT Channel",
        "platform": "youtube",
-       "status": "failed",
+       "postHistoryId": "history-1",
+       "status": "uploading",
      },
+     "update": {
+       "status": "uploading",
+     },
      "where": {
-       "postHistoryId_platform": {
+       "postHistoryId_platform_accountId": {
+         "accountId": "acc-yt",
          "platform": "youtube",
          "postHistoryId": "history-1",
        },
      },
    },

  2nd vi.fn() call:

  [
-   ObjectContaining {
-     "create": ObjectContaining {
-       "errorMessage": "YT API Down",
-       "platform": "youtube",
-       "status": "failed",
+   {
+     "create": {
+       "accountId": "acc-fb",
+       "accountName": "FB Page",
+       "platform": "facebook",
+       "postHistoryId": "history-1",
+       "status": "uploading",
+     },
+     "update": {
+       "status": "uploading",
      },
      "where": {
-       "postHistoryId_platform": {
-         "platform": "youtube",
+       "postHistoryId_platform_accountId": {
+         "accountId": "acc-fb",
+         "platform": "facebook",
          "postHistoryId": "history-1",
        },
      },
    },
  ]

  3rd vi.fn() call:

@@ -1,14 +1,35 @@
  [
-   ObjectContaining {
-     "create": ObjectContaining {
+   {
+     "create": {
+       "accountId": "acc-yt",
+       "creationId": undefined,
+       "errorMessage": "YT API Down",
+       "lastRetryAt": 2026-05-04T21:27:51.758Z,
+       "platform": "youtube",
+       "postHistoryId": "history-1",
+       "resumableUrl": undefined,
+       "retryCount": 1,
+       "status": "failed",
+       "videoId": undefined,
+     },
+     "update": {
+       "accountId": "acc-yt",
+       "creationId": undefined,
        "errorMessage": "YT API Down",
+       "lastRetryAt": 2026-05-04T21:27:51.758Z,
        "platform": "youtube",
+       "resumableUrl": undefined,
+       "retryCount": {
+         "increment": 1,
+       },
        "status": "failed",
+       "videoId": undefined,
      },
      "where": {
-       "postHistoryId_platform": {
+       "postHistoryId_platform_accountId": {
+         "accountId": "acc-yt",
          "platform": "youtube",
          "postHistoryId": "history-1",
        },
      },
    },

  4th vi.fn() call:

  [
-   ObjectContaining {
-     "create": ObjectContaining {
-       "errorMessage": "YT API Down",
-       "platform": "youtube",
-       "status": "failed",
+   {
+     "create": {
+       "accountId": "acc-fb",
+       "accountName": "FB Page",
+       "creationId": undefined,
+       "permalink": "https://www.facebook.com/reel/fbr-123",
+       "platform": "facebook",
+       "platformPostId": "fbr-123",
+       "postHistoryId": "history-1",
+       "status": "success",
+       "videoId": "fbr-123",
+     },
+     "update": {
+       "accountId": "acc-fb",
+       "accountName": "FB Page",
+       "creationId": undefined,
+       "permalink": "https://www.facebook.com/reel/fbr-123",
+       "platform": "facebook",
+       "platformPostId": "fbr-123",
+       "postHistoryId": "history-1",
+       "status": "success",
+       "videoId": "fbr-123",
      },
      "where": {
-       "postHistoryId_platform": {
-         "platform": "youtube",
+       "postHistoryId_platform_accountId": {
+         "accountId": "acc-fb",
+         "platform": "facebook",
          "postHistoryId": "history-1",
        },
      },
    },
  ]


Number of calls: 4

 ✓ src/__tests__/worker/server-distributor.test.ts > Server Distributor > resumes from an existing resumableUrl if found in DB 20ms
stderr | src/__tests__/components/media-library.test.tsx > MediaLibrary Component > triggers file selection when clicking Add Video
An update to MediaLibrary inside a test was not wrapped in act(...).

When testing, code that causes React state updates should be wrapped into act(...):

act(() => {
  /* fire events that update state */
});
/* assert on the output */

This ensures that you're testing the behavior the user would see in the browser. Learn more at https://react.dev/link/wrap-tests-with-act
An update to MediaLibrary inside a test was not wrapped in act(...).

When testing, code that causes React state updates should be wrapped into act(...):

act(() => {
  /* fire events that update state */
});
/* assert on the output */

This ensures that you're testing the behavior the user would see in the browser. Learn more at https://react.dev/link/wrap-tests-with-act

 ✓ src/__tests__/components/media-library.test.tsx > MediaLibrary Component > renders the gallery title and search bar 39ms
 ✓ src/__tests__/components/media-library.test.tsx > MediaLibrary Component > loads and displays assets from the API 47ms
 ✓ src/__tests__/components/media-library.test.tsx > MediaLibrary Component > triggers file selection when clicking Add Video 6ms
Not implemented: HTMLMediaElement's pause() method
stderr | src/__tests__/components/media-library.test.tsx > MediaLibrary Component > opens confirmation on per-asset delete click
An update to MediaLibrary inside a test was not wrapped in act(...).

When testing, code that causes React state updates should be wrapped into act(...):

act(() => {
  /* fire events that update state */
});
/* assert on the output */

This ensures that you're testing the behavior the user would see in the browser. Learn more at https://react.dev/link/wrap-tests-with-act
An update to MediaLibrary inside a test was not wrapped in act(...).

When testing, code that causes React state updates should be wrapped into act(...):

act(() => {
  /* fire events that update state */
});
/* assert on the output */

This ensures that you're testing the behavior the user would see in the browser. Learn more at https://react.dev/link/wrap-tests-with-act

 ✓ src/__tests__/components/settings-disconnect.test.tsx > Settings Disconnect Functionality > renders disconnect buttons (X) for connected accounts when platforms are active 71ms
 ✓ src/__tests__/components/settings-disconnect.test.tsx > Settings Disconnect Functionality > cancels disconnection if user rejects confirmation 20ms
 ✓ src/__tests__/components/settings-multi-account.test.tsx > Settings Multi-Account Management > renders the hardcoded platform list in the grid 72ms
 ✓ src/__tests__/components/settings-multi-account.test.tsx > Settings Multi-Account Management > displays connected segments ONLY for enabled platforms 18ms
Not implemented: HTMLMediaElement's pause() method
Not implemented: Window's alert() method
stderr | src/__tests__/components/media-library.test.tsx > MediaLibrary Component > opens confirmation on Clear Gallery click
An update to MediaLibrary inside a test was not wrapped in act(...).

When testing, code that causes React state updates should be wrapped into act(...):

act(() => {
  /* fire events that update state */
});
/* assert on the output */

This ensures that you're testing the behavior the user would see in the browser. Learn more at https://react.dev/link/wrap-tests-with-act
An update to MediaLibrary inside a test was not wrapped in act(...).

When testing, code that causes React state updates should be wrapped into act(...):

act(() => {
  /* fire events that update state */
});
/* assert on the output */

This ensures that you're testing the behavior the user would see in the browser. Learn more at https://react.dev/link/wrap-tests-with-act

 ✓ src/__tests__/components/media-library.test.tsx > MediaLibrary Component > opens confirmation on per-asset delete click 19ms
 ✓ src/__tests__/components/media-library.test.tsx > MediaLibrary Component > opens confirmation on Clear Gallery click 15ms
 ✓ src/__tests__/integration/parallel-upload.test.ts > Parallel Distribution Logic > should trigger uploads in parallel for small files 102ms
 ✓ src/__tests__/components/settings-disconnect.test.tsx > Settings Disconnect Functionality > proceeds with disconnection if user confirms 15ms
 ✓ src/__tests__/components/settings-disconnect.test.tsx > Settings Disconnect Functionality > removes the account from the UI optimistically 19ms
 ✓ src/__tests__/components/settings-disconnect.test.tsx > Settings Disconnect Functionality > shows an alert if disconnection fails 16ms
 ✓ src/__tests__/components/settings-multi-account.test.tsx > Settings Multi-Account Management > toggles a platform visibility and calls togglePlatformPreference 24ms
 ✓ src/__tests__/components/settings-multi-account.test.tsx > Settings Multi-Account Management > allows enabling a platform even with 0 accounts (to reveal connect button) 21ms
 ✓ src/__tests__/components/settings-multi-account.test.tsx > Settings Multi-Account Management > verifies LinkedIn and Twitter visibility logic 55ms
 ✓ src/__tests__/integration/humanization-security.test.tsx > Project Management & UI Humanization > API Security (Production Lockdown) > returns 404 for Roadmap API in production 1ms
 ✓ src/__tests__/integration/humanization-security.test.tsx > Project Management & UI Humanization > API Security (Production Lockdown) > returns 404 for Launch API in production 0ms
 ✓ src/__tests__/integration/humanization-security.test.tsx > Project Management & UI Humanization > UploadForm UI (Dynamic Metadata) > renders the Short-Form badge with duration 57ms
 ✓ src/__tests__/integration/humanization-security.test.tsx > Project Management & UI Humanization > UploadForm UI (Dynamic Metadata) > renders the Long-Form badge with formatted duration (minutes) 11ms
 ✓ src/__tests__/integration/humanization-security.test.tsx > Project Management & UI Humanization > UploadForm UI (Dynamic Metadata) > renders the Long-Form badge with formatted duration (hours) 9ms
 ✓ src/__tests__/integration/humanization-security.test.tsx > Project Management & UI Humanization > UploadForm UI (Dynamic Metadata) > does not show VideoFormatSelector (it was removed) 8ms
 ✓ src/__tests__/integration/parallel-upload.test.ts > Parallel Distribution Logic > should limit concurrency for large files 225ms
stderr | src/__tests__/components/dashboard-default-selection.test.tsx > Dashboard Default Connection Selection > automatically selects accounts based on isDistributionEnabled when no preferences exist
Received `true` for a non-boolean attribute `jsx`.

If you want to write it to the DOM, pass a string instead: jsx="true" or jsx={value.toString()}.
Received `true` for a non-boolean attribute `global`.

If you want to write it to the DOM, pass a string instead: global="true" or global={value.toString()}.

 ✓ src/__tests__/components/dashboard-default-selection.test.tsx > Dashboard Default Connection Selection > automatically selects accounts based on isDistributionEnabled when no preferences exist 123ms
 ✓ src/__tests__/components/dashboard-default-selection.test.tsx > Dashboard Default Connection Selection > respects existing platform preferences over distribution status 36ms
 ✓ src/__tests__/components/dashboard-default-selection.test.tsx > Dashboard Default Connection Selection > prioritizes sticky selection (localStorage) over auto-selection 33ms
 ✓ src/__tests__/components/dashboard-default-selection.test.tsx > Dashboard Default Connection Selection > preserves resumed selections and prevents auto-selection from overwriting them 29ms
 ✓ src/__tests__/components/dashboard-default-selection.test.tsx > Dashboard Default Connection Selection > renders platform buttons correctly in isolation 6ms
stderr | src/__tests__/unit/platform-security.test.ts > handlePlatformUploadRequest Security > rejects the request if the account does not belong to the user
⚠️ [youtube] Optimization failed, falling back to original: Error: ffprobe exited with code 1
ffprobe version 8.1 Copyright (c) 2007-2026 the FFmpeg developers
  built with Apple clang version 21.0.0 (clang-2100.0.123.102)
  configuration: --prefix=/opt/homebrew/Cellar/ffmpeg/8.1_1 --enable-shared --enable-pthreads --enable-version3 --cc=clang --host-cflags= --host-ldflags= --enable-ffplay --enable-gpl --enable-libsvtav1 --enable-libopus --enable-libx264 --enable-libmp3lame --enable-libdav1d --enable-libvmaf --enable-libvpx --enable-libx265 --enable-openssl --enable-videotoolbox --enable-audiotoolbox --enable-neon
  libavutil      60. 26.100 / 60. 26.100
  libavcodec     62. 28.100 / 62. 28.100
  libavformat    62. 12.100 / 62. 12.100
  libavdevice    62.  3.100 / 62.  3.100
  libavfilter    11. 14.100 / 11. 14.100
  libswscale      9.  5.100 /  9.  5.100
  libswresample   6.  3.100 /  6.  3.100
/Users/thoufeeque/projects/social-studio-app/src/tmp/test.mp4: No such file or directory

    at ChildProcess.<anonymous> (/Users/thoufeeque/projects/social-studio-app/node_modules/fluent-ffmpeg/lib/ffprobe.js:233:22)
    at ChildProcess.emit (node:events:509:20)
    at Process.ChildProcess._handle.onexit (node:internal/child_process:294:12)

stderr | src/__tests__/unit/platform-security.test.ts > handlePlatformUploadRequest Security > allows the request if the account belongs to the user
⚠️ [youtube] Optimization failed, falling back to original: Error: ffprobe exited with code 1
ffprobe version 8.1 Copyright (c) 2007-2026 the FFmpeg developers
  built with Apple clang version 21.0.0 (clang-2100.0.123.102)
  configuration: --prefix=/opt/homebrew/Cellar/ffmpeg/8.1_1 --enable-shared --enable-pthreads --enable-version3 --cc=clang --host-cflags= --host-ldflags= --enable-ffplay --enable-gpl --enable-libsvtav1 --enable-libopus --enable-libx264 --enable-libmp3lame --enable-libdav1d --enable-libvmaf --enable-libvpx --enable-libx265 --enable-openssl --enable-videotoolbox --enable-audiotoolbox --enable-neon
  libavutil      60. 26.100 / 60. 26.100
  libavcodec     62. 28.100 / 62. 28.100
  libavformat    62. 12.100 / 62. 12.100
  libavdevice    62.  3.100 / 62.  3.100
  libavfilter    11. 14.100 / 11. 14.100
  libswscale      9.  5.100 /  9.  5.100
  libswresample   6.  3.100 /  6.  3.100
/Users/thoufeeque/projects/social-studio-app/src/tmp/file-1: No such file or directory

    at ChildProcess.<anonymous> (/Users/thoufeeque/projects/social-studio-app/node_modules/fluent-ffmpeg/lib/ffprobe.js:233:22)
    at ChildProcess.emit (node:events:509:20)
    at Process.ChildProcess._handle.onexit (node:internal/child_process:294:12)

stdout | src/__tests__/unit/platform-security.test.ts > handlePlatformUploadRequest Security > allows the request if the account belongs to the user
🔐 [SECURITY] Account ownership verified for youtube: acc-target (Unknown Account)
📝 [youtube] Using Manual content.

 ✓ src/__tests__/unit/platform-security.test.ts > handlePlatformUploadRequest Security > rejects the request if the account does not belong to the user 27ms
 ✓ src/__tests__/unit/platform-security.test.ts > handlePlatformUploadRequest Security > allows the request if the account belongs to the user 24ms
 ✓ src/__tests__/components/sidebar-nav.test.tsx > Sidebar Component > renders all navigation links including Home and Media Gallery 20ms
 ✓ src/__tests__/components/sidebar-nav.test.tsx > Sidebar Component > contains a link back to the home page via the logo 4ms
stderr | src/__tests__/unit/hooks/useAccounts.test.ts > useAccounts > rolls back state if distribution update fails
Error updating account distribution. Rolling back state. Error: Update failed
    at /Users/thoufeeque/projects/social-studio-app/src/__tests__/unit/hooks/useAccounts.test.ts:78:70
    at file:///Users/thoufeeque/projects/social-studio-app/node_modules/@vitest/runner/dist/chunk-artifact.js:302:11
    at file:///Users/thoufeeque/projects/social-studio-app/node_modules/@vitest/runner/dist/chunk-artifact.js:1903:26
    at file:///Users/thoufeeque/projects/social-studio-app/node_modules/@vitest/runner/dist/chunk-artifact.js:2326:20
    at new Promise (<anonymous>)
    at runWithCancel (file:///Users/thoufeeque/projects/social-studio-app/node_modules/@vitest/runner/dist/chunk-artifact.js:2323:10)
    at file:///Users/thoufeeque/projects/social-studio-app/node_modules/@vitest/runner/dist/chunk-artifact.js:2305:20
    at new Promise (<anonymous>)
    at runWithTimeout (file:///Users/thoufeeque/projects/social-studio-app/node_modules/@vitest/runner/dist/chunk-artifact.js:2272:10)
    at file:///Users/thoufeeque/projects/social-studio-app/node_modules/@vitest/runner/dist/chunk-artifact.js:2955:64

 ✓ src/__tests__/unit/hooks/useAccounts.test.ts > useAccounts > fetches accounts and preferences on mount 9ms
 ✓ src/__tests__/unit/hooks/useAccounts.test.ts > useAccounts > supports initial data and skips fetching 1ms
 ✓ src/__tests__/unit/hooks/useAccounts.test.ts > useAccounts > optimistically updates distribution status 1ms
 ✓ src/__tests__/unit/hooks/useAccounts.test.ts > useAccounts > rolls back state if distribution update fails 4ms
 ✓ src/__tests__/unit/hooks/useAccounts.test.ts > useAccounts > optimistically disconnects an account 2ms
 ✓ src/__tests__/unit/hooks/useAccounts.test.ts > useAccounts > optimistically toggles platform preference 1ms
 ✓ src/__tests__/components/layout-wrapper.test.tsx > LayoutWrapper > renders only children when on the /login page (no sidebar/header) 25ms
 ✓ src/__tests__/components/layout-wrapper.test.tsx > LayoutWrapper > renders sidebar, header, and content when on the dashboard (/) 2ms
 ✓ src/__tests__/components/layout-wrapper.test.tsx > LayoutWrapper > renders layout components on internal pages like /settings 1ms
stderr | src/__tests__/unit/ai-previews.test.ts > getMultiPlatformAIPreviews > handles partial failures gracefully
AI Preview Error for instagram: Error: AI Busy
    at /Users/thoufeeque/projects/social-studio-app/src/__tests__/unit/ai-previews.test.ts:48:30
    at file:///Users/thoufeeque/projects/social-studio-app/node_modules/@vitest/runner/dist/chunk-artifact.js:302:11
    at file:///Users/thoufeeque/projects/social-studio-app/node_modules/@vitest/runner/dist/chunk-artifact.js:1903:26
    at file:///Users/thoufeeque/projects/social-studio-app/node_modules/@vitest/runner/dist/chunk-artifact.js:2326:20
    at new Promise (<anonymous>)
    at runWithCancel (file:///Users/thoufeeque/projects/social-studio-app/node_modules/@vitest/runner/dist/chunk-artifact.js:2323:10)
    at file:///Users/thoufeeque/projects/social-studio-app/node_modules/@vitest/runner/dist/chunk-artifact.js:2305:20
    at new Promise (<anonymous>)
    at runWithTimeout (file:///Users/thoufeeque/projects/social-studio-app/node_modules/@vitest/runner/dist/chunk-artifact.js:2272:10)
    at file:///Users/thoufeeque/projects/social-studio-app/node_modules/@vitest/runner/dist/chunk-artifact.js:2955:64

 ✓ src/__tests__/unit/ai-previews.test.ts > getMultiPlatformAIPreviews > throws an error if tier is Manual 2ms
 ✓ src/__tests__/unit/ai-previews.test.ts > getMultiPlatformAIPreviews > generates previews for multiple platforms 1ms
 ✓ src/__tests__/unit/ai-previews.test.ts > getMultiPlatformAIPreviews > handles partial failures gracefully 3ms
 ✓ src/__tests__/unit/ai-previews.test.ts > getMultiPlatformAIPreviews > passes customStyleText to generatePostContent 0ms
stdout | src/__tests__/unit/ai-writer.test.ts > AI Vibe-Writer (generatePostContent) > should fall back safely if GEMINI returns an empty string
Successfully generated content using model: gemini-3.1-pro-preview

stdout | src/__tests__/unit/ai-writer.test.ts > AI Vibe-Writer (generatePostContent) > should successfully return parsed content when Gemini returns valid JSON
Successfully generated content using model: gemini-3.1-pro-preview

stdout | src/__tests__/unit/ai-writer.test.ts > AI Vibe-Writer (generatePostContent) > Cultural Intelligence & Custom Styles > Smart Mode: should use SEO strategy for YouTube
Successfully generated content using model: gemini-3.1-pro-preview

stdout | src/__tests__/unit/ai-writer.test.ts > AI Vibe-Writer (generatePostContent) > Cultural Intelligence & Custom Styles > Smart Mode: should use Gen-Z strategy for TikTok
Successfully generated content using model: gemini-3.1-pro-preview

stdout | src/__tests__/unit/ai-writer.test.ts > AI Vibe-Writer (generatePostContent) > Cultural Intelligence & Custom Styles > Custom Mode: should inject user-defined style text
Successfully generated content using model: gemini-3.1-pro-preview

 ✓ src/__tests__/unit/ai-writer.test.ts > AI Vibe-Writer (generatePostContent) > should fall back safely if GEMINI returns an empty string 2ms
 ✓ src/__tests__/unit/ai-writer.test.ts > AI Vibe-Writer (generatePostContent) > should attempt Ollama if GEMINI_API_KEY is missing in development 0ms
 ✓ src/__tests__/unit/ai-writer.test.ts > AI Vibe-Writer (generatePostContent) > should THROW if GEMINI_API_KEY is missing in production (no Ollama) 0ms
 ✓ src/__tests__/unit/ai-writer.test.ts > AI Vibe-Writer (generatePostContent) > should successfully return parsed content when Gemini returns valid JSON 1ms
 ✓ src/__tests__/unit/ai-writer.test.ts > AI Vibe-Writer (generatePostContent) > should fallback to Ollama if all Gemini models fail in development 0ms
 ✓ src/__tests__/unit/ai-writer.test.ts > AI Vibe-Writer (generatePostContent) > should THROW and NOT attempt Ollama if Gemini fails in production 0ms
 ✓ src/__tests__/unit/ai-writer.test.ts > AI Vibe-Writer (generatePostContent) > Cultural Intelligence & Custom Styles > Smart Mode: should use SEO strategy for YouTube 0ms
 ✓ src/__tests__/unit/ai-writer.test.ts > AI Vibe-Writer (generatePostContent) > Cultural Intelligence & Custom Styles > Smart Mode: should use Gen-Z strategy for TikTok 0ms
 ✓ src/__tests__/unit/ai-writer.test.ts > AI Vibe-Writer (generatePostContent) > Cultural Intelligence & Custom Styles > Custom Mode: should inject user-defined style text 0ms
 ✓ src/__tests__/unit/user-settings.test.ts > User Account Server Actions > getUserAccounts > returns an empty array if no session exists 1ms
 ✓ src/__tests__/unit/user-settings.test.ts > User Account Server Actions > getUserAccounts > returns accounts if they exist in DB 1ms
 ✓ src/__tests__/unit/user-settings.test.ts > User Account Server Actions > toggleAccountDistribution > throws an error if no session exists 1ms
 ✓ src/__tests__/unit/user-settings.test.ts > User Account Server Actions > toggleAccountDistribution > updates the account distribution status in DB 0ms
 ✓ src/__tests__/unit/user-settings.test.ts > User Account Server Actions > Platform & Sticky Preferences > fetches platform preferences 0ms
 ✓ src/__tests__/unit/user-settings.test.ts > User Account Server Actions > Platform & Sticky Preferences > upserts platform preference 0ms
 ✓ src/__tests__/unit/user-settings.test.ts > User Account Server Actions > Platform & Sticky Preferences > manages video format preference 0ms
 ✓ src/__tests__/unit/user-settings.test.ts > User Account Server Actions > Platform & Sticky Preferences > manages AI style preference 0ms
 ✓ src/__tests__/unit/hooks/usePolling.test.ts > usePolling > calls the callback at the specified interval when active 8ms
 ✓ src/__tests__/unit/hooks/usePolling.test.ts > usePolling > does not call the callback when inactive 1ms
 ✓ src/__tests__/unit/hooks/usePolling.test.ts > usePolling > stops polling when the document becomes hidden 1ms
 ✓ src/__tests__/unit/hooks/usePolling.test.ts > usePolling > resumes polling when the document becomes visible 1ms
 ✓ src/__tests__/unit/hooks/usePolling.test.ts > usePolling > cleans up the interval on unmount 1ms
stdout | src/__tests__/integration/chunk-system.test.ts > Chunked Upload System Integration > Assemble API > joins all chunks into a final file
🧩 [ASSEMBLE] Joining 2 chunks into: /Users/thoufeeque/projects/social-studio-app/src/tmp/3ea64ed0-7e16-48e4-9500-cba1b22f1554-test.mp4

stdout | src/__tests__/integration/chunk-system.test.ts > Chunked Upload System Integration > Assemble API > joins all chunks into a final file
📏 [INTEGRITY] Size verified: 1000 bytes

stdout | src/__tests__/integration/chunk-system.test.ts > Chunked Upload System Integration > Assemble API > joins all chunks into a final file
✅ [ASSEMBLE] Success: 3ea64ed0-7e16-48e4-9500-cba1b22f1554-test.mp4

stderr | src/__tests__/integration/chunk-system.test.ts > Chunked Upload System Integration > Assemble API > joins all chunks into a final file
⚠️ [ASSEMBLE] Gallery registration failed (non-critical): TypeError: Cannot read properties of undefined (reading 'findFirst')
    at Module.POST (/Users/thoufeeque/projects/social-studio-app/src/app/api/upload/assemble/route.ts:141:55)
    at processTicksAndRejections (node:internal/process/task_queues:104:5)
    at /Users/thoufeeque/projects/social-studio-app/src/__tests__/integration/chunk-system.test.ts:132:24
    at file:///Users/thoufeeque/projects/social-studio-app/node_modules/@vitest/runner/dist/chunk-artifact.js:1903:20

stdout | src/__tests__/integration/chunk-system.test.ts > Chunked Upload System Integration > Assemble API > returns error if chunks are missing
🧩 [ASSEMBLE] Joining 2 chunks into: /Users/thoufeeque/projects/social-studio-app/src/tmp/6dd8f07f-d963-456c-a2bb-067da7871249-test.mp4

 ✓ src/__tests__/integration/chunk-system.test.ts > Chunked Upload System Integration > Chunk API > saves a binary chunk to correctly named part file 3ms
 ✓ src/__tests__/integration/chunk-system.test.ts > Chunked Upload System Integration > Assemble API > joins all chunks into a final file 4ms
 ✓ src/__tests__/integration/chunk-system.test.ts > Chunked Upload System Integration > Assemble API > returns error if chunks are missing 0ms
stderr | src/__tests__/unit/media-auth.test.ts > Media Authentication (Signed URLs) > rejects an invalid signature
🔐 [MEDIA-AUTH] Invalid signature attempt for video123.mp4

stderr | src/__tests__/unit/media-auth.test.ts > Media Authentication (Signed URLs) > rejects an expired token
🔐 [MEDIA-AUTH] Token expired for video123.mp4

stderr | src/__tests__/unit/media-auth.test.ts > Media Authentication (Signed URLs) > detects tampering with the fileId
🔐 [MEDIA-AUTH] Invalid signature attempt for HACKED.mp4

 ✓ src/__tests__/unit/media-auth.test.ts > Media Authentication (Signed URLs) > generates a valid signed URL with expected parameters 1ms
 ✓ src/__tests__/unit/media-auth.test.ts > Media Authentication (Signed URLs) > verifies a valid signature correctly 0ms
 ✓ src/__tests__/unit/media-auth.test.ts > Media Authentication (Signed URLs) > rejects an invalid signature 1ms
 ✓ src/__tests__/unit/media-auth.test.ts > Media Authentication (Signed URLs) > rejects an expired token 0ms
 ✓ src/__tests__/unit/media-auth.test.ts > Media Authentication (Signed URLs) > detects tampering with the fileId 0ms
 ✓ src/__tests__/unit/sticky-format.test.ts > Sticky Video Format Server Actions > getVideoFormatPreference > returns default "short" if no session exists 1ms
 ✓ src/__tests__/unit/sticky-format.test.ts > Sticky Video Format Server Actions > getVideoFormatPreference > returns preferred format from DB 1ms
 ✓ src/__tests__/unit/sticky-format.test.ts > Sticky Video Format Server Actions > updateVideoFormatPreference > throws an error if no session exists 1ms
 ✓ src/__tests__/unit/sticky-format.test.ts > Sticky Video Format Server Actions > updateVideoFormatPreference > updates user preferences in DB 0ms
 ✓ src/__tests__/unit/encryption.test.ts > Encryption Utility Security Audit > should encrypt sensitive tokens and decrypt them back to the original value 2ms
 ✓ src/__tests__/unit/encryption.test.ts > Encryption Utility Security Audit > should gracefully handle plain-text tokens (fallback for existing DB records) 0ms
 ✓ src/__tests__/unit/encryption.test.ts > Encryption Utility Security Audit > should produce different ciphertexts for the same input (unique IVs) 0ms
 ✓ src/__tests__/unit/utils.test.ts > formatHandle utility > returns fallback if name is null 1ms
 ✓ src/__tests__/unit/utils.test.ts > formatHandle utility > preserves names that already start with @ 0ms
 ✓ src/__tests__/unit/utils.test.ts > formatHandle utility > preserves names that include "Account" (case-insensitive) 0ms
 ✓ src/__tests__/unit/utils.test.ts > formatHandle utility > converts names with spaces into lowercase handles with @ prefix 0ms
 ✓ src/__tests__/unit/utils.test.ts > formatHandle utility > converts names to lower case and removes whitespace 0ms
 ✓ src/__tests__/unit/utils.test.ts > formatHandle utility > handles empty strings by applying handle formatting if not @ or Account 0ms
 ✓ src/__tests__/unit/utils.test.ts > extractAccountName utility > uses username if present 0ms
 ✓ src/__tests__/unit/utils.test.ts > extractAccountName utility > uses handle if username is missing 0ms
 ✓ src/__tests__/unit/utils.test.ts > extractAccountName utility > extracts name from email if no handle exists 0ms
 ✓ src/__tests__/unit/utils.test.ts > extractAccountName utility > uses display name as final fallback 0ms
 ✓ src/__tests__/unit/utils.test.ts > extractAccountName utility > returns default fallback if profile is empty 0ms
 ✓ src/__tests__/unit/stats.test.ts > Stats Server Actions > calculates aggregate stats across multiple platforms 1ms
 ✓ src/__tests__/unit/stats.test.ts > Stats Server Actions > gracefully handles platform failures 0ms
 ✓ src/__tests__/unit/error-mapping.test.ts > Friendly Error Mapping > should translate YouTube upload limit errors 1ms
 ✓ src/__tests__/unit/error-mapping.test.ts > Friendly Error Mapping > should translate Facebook community protection errors 0ms
 ✓ src/__tests__/unit/error-mapping.test.ts > Friendly Error Mapping > should strip technical prefixes from generic errors 0ms
 ✓ src/__tests__/unit/error-mapping.test.ts > Friendly Error Mapping > should truncate extremely long messages 0ms
 ✓ src/__tests__/unit/auth-link.test.ts > extractAccountName logic (OAuth Events) > prioritizes username/handle/login (TikTok/Insta/X) 1ms
 ✓ src/__tests__/unit/auth-link.test.ts > extractAccountName logic (OAuth Events) > strips email domain if no handle is present (YouTube/Google fallback) 0ms
 ✓ src/__tests__/unit/auth-link.test.ts > extractAccountName logic (OAuth Events) > falls back to raw name if no handle or email is present 0ms
 ✓ src/__tests__/unit/auth-link.test.ts > extractAccountName logic (OAuth Events) > returns "Connected Account" if profile is completely empty 0ms

⎯⎯⎯⎯⎯⎯ Failed Suites 1 ⎯⎯⎯⎯⎯⎯⎯

 FAIL  src/__tests__/integration/upload-integration.test.ts [ src/__tests__/integration/upload-integration.test.ts ]
TypeError: default.existsSync is not a function
 ❯ src/lib/core/logger.ts:8:9
      6| // Ensure the directory exists
      7| const logDir = path.dirname(LOG_FILE);
      8| if (!fs.existsSync(logDir)) {
       |         ^
      9|   fs.mkdirSync(logDir, { recursive: true });
     10| }
 ❯ src/lib/platforms/instagram.ts:4:1
 ❯ src/__tests__/integration/upload-integration.test.ts:29:1

⎯⎯⎯⎯⎯⎯⎯⎯⎯⎯⎯⎯⎯⎯⎯⎯⎯⎯⎯⎯⎯⎯⎯[1/10]⎯


⎯⎯⎯⎯⎯⎯⎯ Failed Tests 9 ⎯⎯⎯⎯⎯⎯⎯

 FAIL  src/__tests__/worker/history-actions.test.ts > History Actions (Internal) > successfully updates a platform result when user owns the history entry
AssertionError: expected "vi.fn()" to be called with arguments: [ ObjectContaining{…} ]

Received:

  1st vi.fn() call:

@@ -1,13 +1,22 @@
  [
-   ObjectContaining {
-     "update": ObjectContaining {
+   {
+     "create": {
+       "platform": "youtube",
+       "platformPostId": "yt-123",
+       "postHistoryId": "history-1",
+       "status": "success",
+     },
+     "update": {
+       "platform": "youtube",
        "platformPostId": "yt-123",
+       "postHistoryId": "history-1",
        "status": "success",
      },
      "where": {
-       "postHistoryId_platform": {
+       "postHistoryId_platform_accountId": {
+         "accountId": "",
          "platform": "youtube",
          "postHistoryId": "history-1",
        },
      },
    },


Number of calls: 1

 ❯ src/__tests__/worker/history-actions.test.ts:57:46
     55|
     56|     // Verify upsert
     57|     expect(prisma.postPlatformResult.upsert).toHaveBeenCalledWith(expe…
       |                                              ^
     58|       where: {
     59|         postHistoryId_platform: {

⎯⎯⎯⎯⎯⎯⎯⎯⎯⎯⎯⎯⎯⎯⎯⎯⎯⎯⎯⎯⎯⎯⎯[2/10]⎯

 FAIL  src/__tests__/worker/server-distributor.test.ts > Server Distributor > correctly distributes a Short/Reel to YouTube and Facebook
AssertionError: expected "vi.fn()" to be called 2 times, but got 4 times
 ❯ src/__tests__/worker/server-distributor.test.ts:88:24
     86|
     87|     // Verify DB updates
     88|     expect(mockUpsert).toHaveBeenCalledTimes(2);
       |                        ^
     89|     expect(mockUpsert).toHaveBeenCalledWith(expect.objectContaining({
     90|       where: {

⎯⎯⎯⎯⎯⎯⎯⎯⎯⎯⎯⎯⎯⎯⎯⎯⎯⎯⎯⎯⎯⎯⎯[3/10]⎯

 FAIL  src/__tests__/worker/server-distributor.test.ts > Server Distributor > records failures in the database without throwing
AssertionError: expected "vi.fn()" to be called with arguments: [ ObjectContaining{…} ]

Received:

  1st vi.fn() call:

@@ -1,14 +1,20 @@
  [
-   ObjectContaining {
-     "create": ObjectContaining {
-       "errorMessage": "YT API Down",
+   {
+     "create": {
+       "accountId": "acc-yt",
+       "accountName": "YT Channel",
        "platform": "youtube",
-       "status": "failed",
+       "postHistoryId": "history-1",
+       "status": "uploading",
      },
+     "update": {
+       "status": "uploading",
+     },
      "where": {
-       "postHistoryId_platform": {
+       "postHistoryId_platform_accountId": {
+         "accountId": "acc-yt",
          "platform": "youtube",
          "postHistoryId": "history-1",
        },
      },
    },

  2nd vi.fn() call:

  [
-   ObjectContaining {
-     "create": ObjectContaining {
-       "errorMessage": "YT API Down",
-       "platform": "youtube",
-       "status": "failed",
+   {
+     "create": {
+       "accountId": "acc-fb",
+       "accountName": "FB Page",
+       "platform": "facebook",
+       "postHistoryId": "history-1",
+       "status": "uploading",
+     },
+     "update": {
+       "status": "uploading",
      },
      "where": {
-       "postHistoryId_platform": {
-         "platform": "youtube",
+       "postHistoryId_platform_accountId": {
+         "accountId": "acc-fb",
+         "platform": "facebook",
          "postHistoryId": "history-1",
        },
      },
    },
  ]

  3rd vi.fn() call:

@@ -1,14 +1,35 @@
  [
-   ObjectContaining {
-     "create": ObjectContaining {
+   {
+     "create": {
+       "accountId": "acc-yt",
+       "creationId": undefined,
+       "errorMessage": "YT API Down",
+       "lastRetryAt": 2026-05-04T21:27:51.758Z,
+       "platform": "youtube",
+       "postHistoryId": "history-1",
+       "resumableUrl": undefined,
+       "retryCount": 1,
+       "status": "failed",
+       "videoId": undefined,
+     },
+     "update": {
+       "accountId": "acc-yt",
+       "creationId": undefined,
        "errorMessage": "YT API Down",
+       "lastRetryAt": 2026-05-04T21:27:51.758Z,
        "platform": "youtube",
+       "resumableUrl": undefined,
+       "retryCount": {
+         "increment": 1,
+       },
        "status": "failed",
+       "videoId": undefined,
      },
      "where": {
-       "postHistoryId_platform": {
+       "postHistoryId_platform_accountId": {
+         "accountId": "acc-yt",
          "platform": "youtube",
          "postHistoryId": "history-1",
        },
      },
    },

  4th vi.fn() call:

  [
-   ObjectContaining {
-     "create": ObjectContaining {
-       "errorMessage": "YT API Down",
-       "platform": "youtube",
-       "status": "failed",
+   {
+     "create": {
+       "accountId": "acc-fb",
+       "accountName": "FB Page",
+       "creationId": undefined,
+       "permalink": "https://www.facebook.com/reel/fbr-123",
+       "platform": "facebook",
+       "platformPostId": "fbr-123",
+       "postHistoryId": "history-1",
+       "status": "success",
+       "videoId": "fbr-123",
+     },
+     "update": {
+       "accountId": "acc-fb",
+       "accountName": "FB Page",
+       "creationId": undefined,
+       "permalink": "https://www.facebook.com/reel/fbr-123",
+       "platform": "facebook",
+       "platformPostId": "fbr-123",
+       "postHistoryId": "history-1",
+       "status": "success",
+       "videoId": "fbr-123",
      },
      "where": {
-       "postHistoryId_platform": {
-         "platform": "youtube",
+       "postHistoryId_platform_accountId": {
+         "accountId": "acc-fb",
+         "platform": "facebook",
          "postHistoryId": "history-1",
        },
      },
    },
  ]


Number of calls: 4

 ❯ src/__tests__/worker/server-distributor.test.ts:117:24
    115|
    116|     // Should have recorded error in DB
    117|     expect(mockUpsert).toHaveBeenCalledWith(expect.objectContaining({
       |                        ^
    118|       where: {
    119|         postHistoryId_platform: {

⎯⎯⎯⎯⎯⎯⎯⎯⎯⎯⎯⎯⎯⎯⎯⎯⎯⎯⎯⎯⎯⎯⎯[4/10]⎯

 FAIL  src/__tests__/worker/worker-lifecycle.test.ts > Worker Lifecycle & Polling > polls overdue posts and executes distribution
AssertionError: expected "vi.fn()" to be called with arguments: [ ObjectContaining{…} ]

Number of calls: 0

 ❯ src/__tests__/worker/worker-lifecycle.test.ts:90:41
     88|
     89|     // Should have checked DB
     90|     expect(prisma.postHistory.findMany).toHaveBeenCalledWith(expect.ob…
       |                                         ^
     91|       where: expect.objectContaining({
     92|         isPublished: false,

⎯⎯⎯⎯⎯⎯⎯⎯⎯⎯⎯⎯⎯⎯⎯⎯⎯⎯⎯⎯⎯⎯⎯[5/10]⎯

 FAIL  src/__tests__/integration/platform-selection-ui.test.tsx > PlatformSelection UI > renders progress pulse when status is uploading
AssertionError: expected '<button type="button" aria-pressed="t…' to contain 'width: 40%'

Expected: "width: 40%"
Received: "<button type="button" aria-pressed="true" aria-label="youtube: @ytacc" style="position: relative; padding: 0.6rem 1rem; border-radius: 0.75rem; border: 2px solid hsl(var(--primary)); background: hsla(var(--primary) / 0.2); color: white; cursor: pointer; font-size: 0.85rem; font-weight: 700; transition: all 0.2s; display: flex; align-items: center; gap: 0.4rem; box-shadow: 0 0 20px hsla(var(--primary) / 0.4);"><span style="width: 8px; height: 8px; border-radius: 50%; background: hsl(var(--primary)); border: medium;"></span><span style="opacity: 0.7; text-transform: capitalize;">youtube:</span> @ytacc</button>"

 ❯ src/__tests__/integration/platform-selection-ui.test.tsx:36:32
     34|     // Check if the platform button has the progress strip
     35|     const ytButton = screen.getByRole('button', { name: /youtube/i });
     36|     expect(ytButton.outerHTML).toContain('width: 40%');
       |                                ^
     37|     expect(ytButton.innerHTML).toContain('animate-spin');
     38|   });

⎯⎯⎯⎯⎯⎯⎯⎯⎯⎯⎯⎯⎯⎯⎯⎯⎯⎯⎯⎯⎯⎯⎯[6/10]⎯

 FAIL  src/__tests__/integration/platform-selection-ui.test.tsx > PlatformSelection UI > renders success checkmark when status is success
AssertionError: expected null to be truthy

- Expected:
true

+ Received:
null

 ❯ src/__tests__/integration/platform-selection-ui.test.tsx:63:48
     61|
     62|     const ytButton = screen.getByRole('button', { name: /youtube/i });
     63|     expect(ytButton.querySelector('polyline')).toBeTruthy();
       |                                                ^
     64|   });
     65|

⎯⎯⎯⎯⎯⎯⎯⎯⎯⎯⎯⎯⎯⎯⎯⎯⎯⎯⎯⎯⎯⎯⎯[7/10]⎯

 FAIL  src/__tests__/integration/platform-selection-ui.test.tsx > PlatformSelection UI > renders error icon when status is failed
AssertionError: expected null to be truthy

- Expected:
true

+ Received:
null

 ❯ src/__tests__/integration/platform-selection-ui.test.tsx:89:44
     87|
     88|     const ytButton = screen.getByRole('button', { name: /youtube/i });
     89|     expect(ytButton.querySelector('line')).toBeTruthy();
       |                                            ^
     90|   });
     91| });

⎯⎯⎯⎯⎯⎯⎯⎯⎯⎯⎯⎯⎯⎯⎯⎯⎯⎯⎯⎯⎯⎯⎯[8/10]⎯

 FAIL  src/__tests__/unit/platforms/tiktok.test.ts > TikTok Platform Integration > correctly initializes and uploads a video to TikTok
TypeError: fs.stat is not a function
 ❯ Module.publishTikTokVideo src/lib/platforms/tiktok.ts:36:26
     34|
     35|   // 1. Get file size via stat
     36|   const stats = await fs.stat(videoPath);
       |                          ^
     37|   const videoSize = stats.size;
     38|
 ❯ src/__tests__/unit/platforms/tiktok.test.ts:65:20

⎯⎯⎯⎯⎯⎯⎯⎯⎯⎯⎯⎯⎯⎯⎯⎯⎯⎯⎯⎯⎯⎯⎯[9/10]⎯

 FAIL  src/__tests__/unit/platforms/tiktok.test.ts > TikTok Platform Integration > throws error if TikTok init fails
AssertionError: expected [Function] to throw error including 'TikTok Publish Failed: Rate limit' but got 'fs.stat is not a function'

Expected: "TikTok Publish Failed: Rate limit"
Received: "fs.stat is not a function"

 ❯ src/__tests__/unit/platforms/tiktok.test.ts:97:104
     95|     } as any);
     96|
     97|     await expect(publishTikTokVideo({ userId: 'u1', videoPath: 'v.mp4'…
       |                                                                                                        ^
     98|       .rejects.toThrow('TikTok Publish Failed: Rate limit');
     99|   });

⎯⎯⎯⎯⎯⎯⎯⎯⎯⎯⎯⎯⎯⎯⎯⎯⎯⎯⎯⎯⎯⎯[10/10]⎯


 Test Files  6 failed | 24 passed (30)
      Tests  9 failed | 117 passed (126)
   Start at  23:27:50
   Duration  1.71s (transform 1.13s, setup 1.26s, import 2.31s, tests 1.65s, environment 11.51s)

